Setting default log level to "WARN".
To adjust logging level use sc.setLogLevel(newLevel). For SparkR, use setLogLevel(newLevel).
26/04/26 16:45:37 WARN NativeCodeLoader: Unable to load native-hadoop library for your platform... using builtin-java classes where applicable
[Stage 0:>                                                          (0 + 1) / 1][Stage 0:===========================================================(1 + 0) / 1]                                                                                [Stage 4:>                                                          (0 + 8) / 8]                                                                                [Stage 19:>                                                         (0 + 8) / 8]                                                                                project root: /users/sk7dn/big_data/AI_Trust_Paradox_Phase2
loaded rows: 49191
+-------------------------------------------+----------+-----+
|AISelect                                   |UsageScore|count|
+-------------------------------------------+----------+-----+
|Unknown                                    |0         |15471|
|No, and I don't plan to                    |1         |5454 |
|No, but I plan to soon                     |2         |1797 |
|Yes, I use AI tools monthly or infrequently|3         |4628 |
|Yes, I use AI tools weekly                 |4         |5958 |
|Yes, I use AI tools daily                  |5         |15883|
+-------------------------------------------+----------+-----+

+--------------------------+----------+-----+
|AIAcc                     |TrustScore|count|
+--------------------------+----------+-----+
|Unknown                   |NULL      |15894|
|Highly distrust           |1         |6533 |
|Somewhat distrust         |2         |8685 |
|Neither trust nor distrust|3         |7162 |
|Somewhat trust            |4         |9869 |
|Highly trust              |5         |1048 |
+--------------------------+----------+-----+

+----------------+-----+
|FrustrationScore|count|
+----------------+-----+
|               0|22148|
|               1|11041|
|               2|10197|
|               3| 4530|
|               4| 1203|
|               5|   72|
+----------------+-----+

+-------+-----------------+------------------+
|summary|     AIModelCount|   DevEnvToolCount|
+-------+-----------------+------------------+
|  count|            49191|             49191|
|   mean|1.154093228436096|1.9214083877131996|
| stddev|2.165006458326519| 2.495127045238873|
|    min|                0|                 0|
|    max|               17|                27|
+-------+-----------------+------------------+

+-------+------------------+------------------+------------------+------------------+------------------+------------------+-----------------+------------------+------------------+-----------------+
|summary|        UsageScore|        TrustScore|    SentimentScore|   ComplexityScore|  FrustrationScore|AgentAdoptionScore|     AIModelCount|   DevEnvToolCount| OverallTrustScore|OverallUsageScore|
+-------+------------------+------------------+------------------+------------------+------------------+------------------+-----------------+------------------+------------------+-----------------+
|  count|             49191|             33297|             32708|             27701|             49191|             49191|            49191|             49191|             27258|            49191|
|   mean|2.5650830436461955|2.7060996486169926|3.5382780971016263|2.7213818995704124|1.0204508954890121|1.1358581854404262|1.154093228436096|1.9214083877131996|3.1193533396923256|4.855034457522717|
| stddev|2.1293665259663994|1.1754165778430308|1.2368991314378306|1.2425318495490734| 1.126510879450072|1.6918244496467352|2.165006458326519| 2.495127045238873|0.9895306117580135| 4.91165962778149|
|    min|                 0|                 1|                 1|                 1|                 0|                 0|                0|                 0|               1.0|                0|
|    max|                 5|                 5|                 5|                 5|                 5|                 5|               17|                27|               5.0|               27|
+-------+------------------+------------------+------------------+------------------+------------------+------------------+-----------------+------------------+------------------+-----------------+

wrote: /users/sk7dn/big_data/AI_Trust_Paradox_Phase2/output/cleaned_data/ai_trust_scores
