Setting default log level to "WARN".
To adjust logging level use sc.setLogLevel(newLevel). For SparkR, use setLogLevel(newLevel).
26/04/26 17:19:24 WARN NativeCodeLoader: Unable to load native-hadoop library for your platform... using builtin-java classes where applicable
[Stage 0:>                                                          (0 + 1) / 1]                                                                                [Stage 4:>                                                          (0 + 8) / 8]                                                                                rows: 49191

=== Q1: dataset summary ===
+--------------+--------------------+------------+------------------+------------------+------------------+-------------------+
|TotalResponses|RespondentsWithTrust|CountryCount|DeveloperRoleCount|AvgUsageScore     |AvgTrustScore     |AvgFrustrationScore|
+--------------+--------------------+------------+------------------+------------------+------------------+-------------------+
|49191         |27258               |178         |33                |25.233452257526782|52.983833492308136|19.62696428208412  |
+--------------+--------------------+------------+------------------+------------------+------------------+-------------------+


=== Q2: AI usage distribution ===
+-------------------------------------------+--------------+
|AISelect                                   |DeveloperCount|
+-------------------------------------------+--------------+
|Yes, I use AI tools daily                  |15883         |
|Unknown                                    |15471         |
|Yes, I use AI tools weekly                 |5958          |
|No, and I don't plan to                    |5454          |
|Yes, I use AI tools monthly or infrequently|4628          |
|No, but I plan to soon                     |1797          |
+-------------------------------------------+--------------+


=== Q3: Trust by usage band ===
+-------------------+--------------+------------------+-----------------+-------------------+
|UsageBand          |DeveloperCount|AvgUsageScore     |AvgTrustScore    |AvgFrustrationScore|
+-------------------+--------------+------------------+-----------------+-------------------+
|Low (0-25)         |25532         |4.5315192699357665|30.09332281808622|9.88857120476265   |
|Medium-Low (25-50) |13855         |36.249458679177195|52.62168579343093|28.40526885600866  |
|Medium-High (50-75)|8103          |59.75718869554486 |63.74380480366001|32.0893496235962   |
|High (75-100)      |1701          |81.78203997648443 |74.3906064209275 |34.93239271017049  |
+-------------------+--------------+------------------+-----------------+-------------------+


=== Q4: Trust by developer role ===
+---------------------------------------------+--------------+------------------+------------------+-------------------+
|DevType                                      |DeveloperCount|AvgUsageScore     |AvgTrustScore     |AvgFrustrationScore|
+---------------------------------------------+--------------+------------------+------------------+-------------------+
|Developer, AI apps or physical AI            |236           |37.24046610169491 |66.15646258503402 |21.800847457627118 |
|AI/ML engineer                               |677           |36.9774741506647  |63.35669781931463 |23.07237813884786  |
|Product manager                              |205           |30.201219512195124|62.63227513227513 |21.975609756097562 |
|Project manager                              |302           |28.526490066225165|60.20942408376963 |20.066225165562916 |
|Data or business analyst                     |351           |25.071225071225072|59.59201388888888 |24.586894586894587 |
|Founder, technology or otherwise             |431           |37.54930394431555 |58.86824324324324 |18.63109048723898  |
|UX, Research Ops or UI design professional   |115           |25.554347826086957|58.6021505376344  |28.652173913043477 |
|Developer, mobile                            |1391          |30.510424155283967|58.3610495195861  |24.57943925233645  |
|Developer, front-end                         |1974          |30.448328267477205|58.06130573248409 |25.139311043566362 |
|Senior executive (C-suite, VP, etc.)         |528           |37.55918560606061 |57.53038194444445 |18.81628787878788  |
|Engineering manager                          |1068          |32.916666666666664|57.25436179981635 |21.282771535580526 |
|Data scientist                               |574           |31.40897212543554 |56.876606683804624|23.057491289198605 |
|Database administrator or engineer           |175           |20.442857142857143|55.72289156626505 |21.2               |
|Developer, QA or test                        |343           |27.707725947521865|55.00764525993884 |23.279883381924197 |
|Data engineer                                |770           |30.160714285714285|54.97017892644135 |22.974025974025974 |
|Retired                                      |458           |15.783296943231441|54.77582846003898 |8.16593886462882   |
|Architect, software or solutions             |2684          |32.11251862891207 |54.557077625570805|21.1698956780924   |
|Developer, full-stack                        |12351         |29.85244109788681 |53.327905131738326|22.411545623836126 |
|Support engineer or analyst                  |251           |22.470119521912352|51.232394366197184|23.08764940239044  |
|Other (please specify):                      |1825          |23.53698630136986 |50.89135553313152 |20.575342465753426 |
|Cybersecurity or InfoSec professional        |370           |28.114864864864863|50.77683615819208 |22.364864864864863 |
|Developer, back-end                          |6453          |28.092166434216644|50.75275397796817 |22.669301100263443 |
|DevOps engineer or professional              |1053          |29.4017094017094  |50.700483091787454|21.74264007597341  |
|System administrator                         |480           |22.231770833333332|50.4              |20.052083333333332 |
|Student                                      |3008          |25.428025265957448|50.014551804423746|25.709773936170212 |
|Academic researcher                          |1131          |24.9790008841733  |49.512820512820525|20.583554376657826 |
|Developer, desktop or enterprise applications|1919          |23.831422615945804|49.164448388050864|19.424179260031266 |
|Cloud infrastructure engineer                |441           |26.541950113378686|47.667910447761194|20.226757369614514 |
|Applied scientist                            |297           |24.32239057239057 |47.51461988304094 |19.410774410774412 |
|Developer, embedded applications or devices  |1274          |21.889717425431712|43.772401433691755|18.524332810047095 |
+---------------------------------------------+--------------+------------------+------------------+-------------------+
only showing top 30 rows


=== Q5: Trust by experience level ===
+---------------------+--------------+------------------+-----------------+-------------------+
|ExperienceGroup      |DeveloperCount|AvgUsageScore     |AvgTrustScore    |AvgFrustrationScore|
+---------------------+--------------+------------------+-----------------+-------------------+
|Junior: 2-5 years    |9750          |26.15230769230769 |53.41039588999698|20.348717948717947 |
|Expert: 20+ years    |9010          |26.58157602663707 |53.26969193875668|19.08823529411765  |
|Senior: 11-20 years  |12026         |27.995800765009147|53.07011587905129|21.027773158157327 |
|Beginner: 0-1 years  |2453          |23.7984101100693  |53.06451612903225|20.62780269058296  |
|Mid-level: 6-10 years|9654          |27.356924590843175|52.74506408036024|20.698674124715144 |
|Unknown              |6298          |13.911559225150842|51.30744170096023|14.572880279453795 |
+---------------------+--------------+------------------+-----------------+-------------------+


=== Q6: Trust Paradox quadrant analysis ===
median UsageScore (analysed population): 41.25
median TrustScore (analysed population): 58.33
[Stage 86:>                                                         (0 + 8) / 8]                                                                                +-----------------------+--------------+------------------+------------------+-------------------+------------------+------------------+----------------------+
|TrustUsageGroup        |DeveloperCount|AvgUsageScore     |AvgTrustScore     |AvgFrustrationScore|AvgAgentDepth     |AvgModelCount     |AvgWorkflowIntegration|
+-----------------------+--------------+------------------+------------------+-------------------+------------------+------------------+----------------------+
|High Usage - High Trust|9480          |59.65862341772152 |74.30028129395208 |31.338080168776372 |3.242088607594937 |3.178481012658228 |4.56629746835443      |
|Low Usage - Low Trust  |8671          |23.064237112213124|27.965824779917757|26.556337216007382 |0.6321070234113713|0.733940721946719 |0.9673624726098489    |
|Low Usage - High Trust |4795          |29.931960375391032|69.67500868960725 |25.688216892596454 |0.791866527632951 |0.7474452554744525|1.494160583941606     |
|High Usage - Low Trust |4312          |54.0593112244898  |37.86719233147805 |33.08557513914657  |2.8942486085343226|3.26182745825603  |3.249652133580705     |
+-----------------------+--------------+------------------+------------------+-------------------+------------------+------------------+----------------------+


=== Q7: Paradox group profile ===
+--------------------------------+----------------------------------------------------+----------------------------------------------------------------------------+--------------+------------------+------------------+------------------+
|DevType                         |Country                                             |RemoteWork                                                                  |DeveloperCount|AvgWorkExperience |AvgFrustration    |AvgAgentDepth     |
+--------------------------------+----------------------------------------------------+----------------------------------------------------------------------------+--------------+------------------+------------------+------------------+
|Developer, full-stack           |United States of America                            |Remote                                                                      |131           |15.946564885496183|36.908396946564885|2.9236641221374047|
|Developer, back-end             |United States of America                            |Remote                                                                      |64            |16.142857142857142|37.578125         |3.203125          |
|Developer, full-stack           |United States of America                            |Hybrid (some remote, leans heavy to in-person)                              |50            |11.84             |38.9              |2.92              |
|Developer, full-stack           |Germany                                             |Hybrid (some remote, leans heavy to in-person)                              |36            |6.361111111111111 |30.0              |2.4166666666666665|
|Developer, full-stack           |United States of America                            |Unknown                                                                     |36            |16.02857142857143 |37.083333333333336|2.9444444444444446|
|Developer, back-end             |Ukraine                                             |Remote                                                                      |34            |7.411764705882353 |34.85294117647059 |3.411764705882353 |
|Developer, full-stack           |United States of America                            |In-person                                                                   |33            |9.6875            |37.27272727272727 |2.6666666666666665|
|Developer, full-stack           |United States of America                            |Hybrid (some in-person, leans heavy to flexibility)                         |33            |12.181818181818182|37.42424242424242 |2.6363636363636362|
|Developer, full-stack           |Germany                                             |Remote                                                                      |32            |15.0              |37.96875          |3.1875            |
|Architect, software or solutions|United States of America                            |Remote                                                                      |30            |21.733333333333334|32.166666666666664|3.033333333333333 |
|Developer, full-stack           |United States of America                            |Your choice (very flexible, you can come in when you want or just as needed)|29            |13.03448275862069 |30.17241379310345 |3.7241379310344827|
|Developer, full-stack           |Canada                                              |Remote                                                                      |29            |12.862068965517242|42.06896551724138 |2.7586206896551726|
|Developer, full-stack           |Germany                                             |Unknown                                                                     |28            |15.214285714285714|33.392857142857146|2.607142857142857 |
|Developer, full-stack           |Germany                                             |Hybrid (some in-person, leans heavy to flexibility)                         |26            |13.23076923076923 |31.153846153846153|2.3846153846153846|
|Developer, full-stack           |United Kingdom of Great Britain and Northern Ireland|Remote                                                                      |25            |12.68             |33.8              |2.64              |
|Engineering manager             |United States of America                            |Remote                                                                      |24            |19.125            |40.416666666666664|2.9166666666666665|
|Developer, full-stack           |Germany                                             |Your choice (very flexible, you can come in when you want or just as needed)|23            |11.0              |28.91304347826087 |2.9130434782608696|
|Student                         |India                                               |Unknown                                                                     |22            |1.25              |51.59090909090909 |2.272727272727273 |
|Student                         |United States of America                            |Unknown                                                                     |21            |4.571428571428571 |37.142857142857146|2.0952380952380953|
+--------------------------------+----------------------------------------------------+----------------------------------------------------------------------------+--------------+------------------+------------------+------------------+


wrote: /users/sk7dn/big_data/AI_Trust_Paradox_Phase2/output/cleaned_data/ai_trust_quadrants
