Setting default log level to "WARN".
To adjust logging level use sc.setLogLevel(newLevel). For SparkR, use setLogLevel(newLevel).
26/04/26 16:46:19 WARN NativeCodeLoader: Unable to load native-hadoop library for your platform... using builtin-java classes where applicable
[Stage 0:>                                                          (0 + 1) / 1]                                                                                2026-04-26 11:46:41,944	INFO worker.py:1821 -- Started a local Ray instance.
project root: /users/sk7dn/big_data/AI_Trust_Paradox_Phase2
rows: 49191
+------------+-----+
|ParadoxLabel|count|
+------------+-----+
|           1| 9733|
|           0|39458|
+------------+-----+

ML rows: 25314
{'node:__internal_head__': 1.0, 'memory': 127433362842.0, 'CPU': 4.0, 'object_store_memory': 58900012646.0, 'node:128.105.144.111': 1.0}
   k        inertia  silhouette
0  2  178429.663465    0.203897
1  3  158552.956548    0.161063
2  4  144627.719552    0.145987
3  5  135466.121831    0.142317
4  6  127457.743141    0.137235
Cluster
0    8861
1    4321
2    4811
3    7321
Name: DeveloperCount, dtype: int64
         UsageScore  TrustScore  ...  DevEnvToolCount  WorkExpNum
Cluster                          ...                             
0             4.492       3.669  ...            1.998      15.162
1             2.217       1.663  ...            2.072      15.338
2             4.847       3.471  ...            5.355      11.952
3             4.436       2.206  ...            3.166      11.394

[4 rows x 9 columns]
Ensemble accuracy: 0.7908354730396998
              precision    recall  f1-score   support

           0      0.832     0.864     0.848      3417
           1      0.694     0.639     0.665      1646

    accuracy                          0.791      5063
   macro avg      0.763     0.751     0.756      5063
weighted avg      0.787     0.791     0.788      5063

Confusion matrix:
 [[2953  464]
 [ 595 1051]]
              Feature  Importance
0          WorkExpNum    0.215341
1     ComplexityScore    0.187618
2          UsageScore    0.142101
3     DevEnvToolCount    0.119843
4        AIModelCount    0.101697
5      SentimentScore    0.097547
6  AgentAdoptionScore    0.075547
7    FrustrationScore    0.060306
{'accuracy': 0.7908354730396998, 'n_train': 20251, 'n_test': 5063, 'positive_rate_train': 0.3252185077280134, 'positive_rate_test': 0.3251036934623741}
done
